
> shri-hm-company-ankit-misra@1.0.0 build
> vite build && esbuild server/index.ts --platform=node --packages=external --bundle --format=esm --outdir=dist

[36mvite v5.4.19 [32mbuilding for production...[36m[39m
transforming...
node.exe : Browserslist: browsers data (caniuse-lite) is 15 months old. 
Please run:
At C:\Users\sachi\AppData\Roaming\npm\npm.ps1:24 char:5
+     & "node$exe"  "$basedir/node_modules/npm/bin/npm-cli.js" $args
+     ~~~~~~~~~~~~~~~~~~~~~~~~~~~~~~~~~~~~~~~~~~~~~~~~~~~~~~~~~~~~~~
    + CategoryInfo          : NotSpecified: (Browserslist: b...ld. Please ru 
   n::String) [], RemoteException
    + FullyQualifiedErrorId : NativeCommandError
 
  npx update-browserslist-db@latest
  Why you should do it regularly: 
https://github.com/browserslist/update-db#readme
[32mΓ£ô[39m 3900 modules transformed.
rendering chunks...
[1m[33m[plugin:vite:reporter][39m[22m [33m[plugin vite:reporter] 
(!) C:/Users/sachi/Desktop/ankit misra 
project/node_modules/jspdf/dist/jspdf.es.min.js is dynamically imported by 
C:/Users/sachi/Desktop/ankit misra 
project/client/src/pages/sales-operations.tsx but also statically imported 
by C:/Users/sachi/Desktop/ankit misra 
project/client/src/components/quotation-template.tsx, 
C:/Users/sachi/Desktop/ankit misra 
project/client/src/pages/purchase-orders.tsx, C:/Users/sachi/Desktop/ankit 
misra project/client/src/pages/ta-reports.tsx, dynamic import will not move 
module into another chunk.
[39m
[1m[33m[plugin:vite:reporter][39m[22m [33m[plugin vite:reporter] 
(!) C:/Users/sachi/Desktop/ankit misra 
project/client/src/utils/printInvoice.ts is dynamically imported by 
C:/Users/sachi/Desktop/ankit misra 
project/client/src/pages/invoice-management.tsx, 
C:/Users/sachi/Desktop/ankit misra 
project/client/src/pages/invoice-management.tsx but also statically imported 
by C:/Users/sachi/Desktop/ankit misra 
project/client/src/pages/sales-operations.tsx, C:/Users/sachi/Desktop/ankit 
misra project/client/src/pages/sales.tsx, dynamic import will not move 
module into another chunk.
[39m
computing gzip size...
[2m../dist/public/[22m[32mindex.html                                 [39m[1m[2m    0.82 kB[22m[1m[22m[2m Γöé gzip:   0.45 kB[22m
[2m../dist/public/[22m[32massets/Jpeg-01_1756898940585-DC4lwsiH.jpg  [39m[1m[2m  576.92 kB[22m[1m[22m
[2m../dist/public/[22m[35massets/index-Df8yiJF7.css                  [39m[1m[2m  113.97 kB[22m[1m[22m[2m Γöé gzip:  17.70 kB[22m
[2m../dist/public/[22m[36massets/FileSaver.min-Dsuf_8jE.js           [39m[1m[2m    2.99 kB[22m[1m[22m[2m Γöé gzip:   1.46 kB[22m
[2m../dist/public/[22m[36massets/purify.es-BFmuJLeH.js               [39m[1m[2m   21.93 kB[22m[1m[22m[2m Γöé gzip:   8.62 kB[22m
[2m../dist/public/[22m[36massets/index.es-QySLB8y7.js                [39m[1m[2m  150.53 kB[22m[1m[22m[2m Γöé gzip:  51.48 kB[22m
[2m../dist/public/[22m[36massets/html2canvas.esm-CBrSDip1.js         [39m[1m[2m  201.42 kB[22m[1m[22m[2m Γöé gzip:  48.03 kB[22m
[2m../dist/public/[22m[36massets/xlsx-B6sNpj_1.js                    [39m[1m[2m  429.35 kB[22m[1m[22m[2m Γöé gzip: 143.18 kB[22m
[2m../dist/public/[22m[36massets/index-CXSh1Gff.js                   [39m[1m[33m2,398.94 kB[39m[22m[2m Γöé gzip: 622.38 kB[22m
[33m
(!) Some chunks are larger than 500 kB after minification. Consider:
- Using dynamic import() to code-split the application
- Use build.rollupOptions.output.manualChunks to improve chunking: 
https://rollupjs.org/configuration-options/#output-manualchunks
- Adjust chunk size limit for this warning via 
build.chunkSizeWarningLimit.[39m
[32mΓ£ô built in 34.86s[39m
Γû▓ [WARNING] Import "getStockLedger" will always be undefined because there 
is no matching export in "server/sales-operations-storage.ts" 
[import-is-undefined]

    server/sales-operations-routes.ts:657:35:
      657 Γöé ...const ledger = await storage.getStockLedger(productId as 
string);
          Γò╡                                 ~~~~~~~~~~~~~~

Γû▓ [WARNING] Import "getSalesInvoices" will always be undefined because 
there is no matching export in "server/sales-operations-storage.ts" 
[import-is-undefined]

    server/sales-operations-routes.ts:835:37:
      835 Γöé       const invoices = await storage.getSalesInvoices();
          Γò╡                                      ~~~~~~~~~~~~~~~~

2 warnings

  dist\index.js  407.9kb

Done in 73ms
